// Jest Snapshot v1, https://goo.gl/fbAQLP

exports[`CardList test expect to render CardList Component 1`] = `
<div>
  <Card
    email="john@gmail.com"
    id={1}
    key="1"
    name="John snow"
  />
</div>
`;
